2026-01-28 02:51:47 INFO __main__ 日志初始化完成: /home/trader/polymarket_api/POLY_SMARTMONEY/copytrade_v2/logs/copytrade_0xaDd4..51Da_20260128_025147_pid60885.log
2026-01-28 02:51:47 INFO __main__ [STATE] per-target state: /home/trader/polymarket_api/POLY_SMARTMONEY/copytrade_v2/state.json -> /home/trader/polymarket_api/POLY_SMARTMONEY/copytrade_v2/state_add4_51da.json
2026-01-28 02:51:47 INFO __main__ [STATE] path=/home/trader/polymarket_api/POLY_SMARTMONEY/copytrade_v2/state_add4_51da.json run_start_ms=1769539907054
2026-01-28 02:51:47 INFO __main__ [CFG] target=0xaDd407264226afaD5536752765C6F98b2a8a51Da my=0x96E62a298FcB7ade69487b2AC4B1dA8a799d8623 ratio=1.0
2026-01-28 02:51:50 INFO __main__ [POS] target_count=0 my_count=1 target_incomplete=False my_incomplete=False | t_src=http_positions t_cb=1769539910 t_rsec=25 t_mode=sec t_http=200 t_hit=None
2026-01-28 02:51:50 INFO __main__ [POS] target cache_headers_first={'CF-Cache-Status': 'MISS', 'Cache-Control': 'public, max-age=2', 'Last-Modified': 'Tue, 27 Jan 2026 18:51:50 GMT', 'Date': 'Tue, 27 Jan 2026 18:51:50 GMT', 'Server': 'cloudflare'}
2026-01-28 02:51:50 INFO __main__ [POS] target cache_headers_last={'CF-Cache-Status': 'MISS', 'Cache-Control': 'public, max-age=2', 'Last-Modified': 'Tue, 27 Jan 2026 18:51:50 GMT', 'Date': 'Tue, 27 Jan 2026 18:51:50 GMT', 'Server': 'cloudflare'}
2026-01-28 02:51:50 INFO __main__ [SAFE] actions_empty reduce_reconcile_set size=1 recent_sec=600 lag_ms=0 actions=0 actions_unreliable=False
2026-01-28 02:51:50 INFO __main__ [RISK_SUMMARY] used_total=9.765 used_total_shadow=9.765 open_buy_orders_usd=0 shadow_buy_usd=0.0 recent_buy_usd=0.0 top_tokens=['52559337731113002092387087921380131184050086451707009918721703513363734174115=9.7650']
2026-01-28 02:52:14 INFO __main__ [SAFE] actions_empty reduce_reconcile_set size=1 recent_sec=600 lag_ms=0 actions=0 actions_unreliable=False
2026-01-28 02:52:14 INFO __main__ [RISK_SUMMARY] used_total=9.765 used_total_shadow=9.765 open_buy_orders_usd=0 shadow_buy_usd=0.0 recent_buy_usd=0.0 top_tokens=['52559337731113002092387087921380131184050086451707009918721703513363734174115=9.7650']
2026-01-28 02:52:37 INFO __main__ [SAFE] actions_empty reduce_reconcile_set size=1 recent_sec=600 lag_ms=0 actions=0 actions_unreliable=False
2026-01-28 02:52:37 INFO __main__ [RISK_SUMMARY] used_total=9.765 used_total_shadow=9.765 open_buy_orders_usd=0 shadow_buy_usd=0.0 recent_buy_usd=0.0 top_tokens=['52559337731113002092387087921380131184050086451707009918721703513363734174115=9.7650']
2026-01-28 02:53:01 INFO __main__ [SAFE] actions_empty reduce_reconcile_set size=1 recent_sec=600 lag_ms=0 actions=0 actions_unreliable=False
2026-01-28 02:53:01 INFO __main__ [RISK_SUMMARY] used_total=9.765 used_total_shadow=9.765 open_buy_orders_usd=0 shadow_buy_usd=0.0 recent_buy_usd=0.0 top_tokens=['52559337731113002092387087921380131184050086451707009918721703513363734174115=9.7650']
2026-01-28 02:53:24 INFO __main__ [SAFE] actions_empty reduce_reconcile_set size=1 recent_sec=600 lag_ms=0 actions=0 actions_unreliable=False
2026-01-28 02:53:24 INFO __main__ [RISK_SUMMARY] used_total=9.74 used_total_shadow=9.74 open_buy_orders_usd=0 shadow_buy_usd=0.0 recent_buy_usd=0.0 top_tokens=['52559337731113002092387087921380131184050086451707009918721703513363734174115=9.7400']
2026-01-28 02:53:47 INFO __main__ [SAFE] actions_empty reduce_reconcile_set size=1 recent_sec=600 lag_ms=0 actions=0 actions_unreliable=False
2026-01-28 02:53:47 INFO __main__ [RISK_SUMMARY] used_total=9.74 used_total_shadow=9.74 open_buy_orders_usd=0 shadow_buy_usd=0.0 recent_buy_usd=0.0 top_tokens=['52559337731113002092387087921380131184050086451707009918721703513363734174115=9.7400']
2026-01-28 02:54:09 INFO __main__ [SAFE] actions_empty reduce_reconcile_set size=1 recent_sec=600 lag_ms=0 actions=0 actions_unreliable=False
2026-01-28 02:54:09 INFO __main__ [RISK_SUMMARY] used_total=9.74 used_total_shadow=9.74 open_buy_orders_usd=0 shadow_buy_usd=0.0 recent_buy_usd=0.0 top_tokens=['52559337731113002092387087921380131184050086451707009918721703513363734174115=9.7400']
2026-01-28 02:54:32 INFO __main__ [SAFE] actions_empty reduce_reconcile_set size=1 recent_sec=600 lag_ms=0 actions=0 actions_unreliable=False
2026-01-28 02:54:32 INFO __main__ [RISK_SUMMARY] used_total=9.74 used_total_shadow=9.74 open_buy_orders_usd=0 shadow_buy_usd=0.0 recent_buy_usd=0.0 top_tokens=['52559337731113002092387087921380131184050086451707009918721703513363734174115=9.7400']
2026-01-28 02:54:55 INFO __main__ [POS] target_count=0 my_count=1 target_incomplete=False my_incomplete=False | t_src=http_positions t_cb=1930312061 t_rsec=25 t_mode=nonce t_http=200 t_hit=None
2026-01-28 02:54:55 INFO __main__ [POS] target cache_headers_first={'CF-Cache-Status': 'MISS', 'Cache-Control': 'public, max-age=2', 'Last-Modified': 'Tue, 27 Jan 2026 18:54:54 GMT', 'Date': 'Tue, 27 Jan 2026 18:54:54 GMT', 'Server': 'cloudflare'}
2026-01-28 02:54:55 INFO __main__ [POS] target cache_headers_last={'CF-Cache-Status': 'MISS', 'Cache-Control': 'public, max-age=2', 'Last-Modified': 'Tue, 27 Jan 2026 18:54:54 GMT', 'Date': 'Tue, 27 Jan 2026 18:54:54 GMT', 'Server': 'cloudflare'}
2026-01-28 02:54:55 INFO __main__ [RISK_SUMMARY] used_total=9.74 used_total_shadow=9.74 open_buy_orders_usd=0 shadow_buy_usd=0.0 recent_buy_usd=0.0 top_tokens=['0x79d133d57346cdbe374de5791c086b9185502025e1d642ec54dcc772eebd9ee0:0=9.7400']
2026-01-28 02:54:55 INFO __main__ [TOPIC] EXIT token_id=52559337731113002092387087921380131184050086451707009918721703513363734174115 first_sell_ts=1769540092
2026-01-28 02:54:55 INFO __main__ [SIGNAL] SELL token_id=52559337731113002092387087921380131184050086451707009918721703513363734174115 d_target=-1.08 d_my=-1.08 my_shares=10.0
2026-01-28 02:54:55 INFO __main__ [INTENT] token_id=52559337731113002092387087921380131184050086451707009918721703513363734174115 old={'phase': 'LONG', 'desired_side': 'BUY', 'desired_shares': 10.0} new={'phase': 'EXITING', 'desired_side': 'SELL', 'desired_shares': 0.0} reasons=phase_changed,side_changed,desired_shares_down
2026-01-28 02:54:55 INFO __main__ [ACTION] token_id=52559337731113002092387087921380131184050086451707009918721703513363734174115 -> [{'type': 'place', 'token_id': '52559337731113002092387087921380131184050086451707009918721703513363734174115', 'side': 'SELL', 'price': 0.978, 'size': 10.0, 'ts': 1769540092, '_taker': True, '_taker_spread': 0.0010000000000000009, '_taker_thr': 0.011}]
2026-01-28 02:54:55 INFO ct_exec [ACCUMULATOR_REDUCE_SELL] token_id=52559337731113002092387087921380131184050086451707009918721703513363734174115 old=13.649999999999999 sell=9.78 new=3.869999999999999
2026-01-28 02:54:55 INFO ct_exec [BACKOFF_CLEAR] token_id=52559337731113002092387087921380131184050086451707009918721703513363734174115 place succeeded -> clear place_fail_until
2026-01-28 02:55:01 INFO __main__ [SAFE] actions_empty reduce_reconcile_set size=1 recent_sec=600 lag_ms=0 actions=0 actions_unreliable=False
2026-01-28 02:55:01 INFO __main__ [RISK_SUMMARY] used_total=9.74 used_total_shadow=9.74 open_buy_orders_usd=0 shadow_buy_usd=0.0 recent_buy_usd=0.0 top_tokens=['52559337731113002092387087921380131184050086451707009918721703513363734174115=9.7400']
2026-01-28 02:55:01 INFO __main__ [ACTION] token_id=52559337731113002092387087921380131184050086451707009918721703513363734174115 -> [{'type': 'place', 'token_id': '52559337731113002092387087921380131184050086451707009918721703513363734174115', 'side': 'SELL', 'price': 0.972, 'size': 10.0, 'ts': 1769540098, '_taker': True, '_taker_spread': 0.0050000000000000044, '_taker_thr': 0.011}]
2026-01-28 02:55:02 WARNING ct_exec place_order failed token_id=52559337731113002092387087921380131184050086451707009918721703513363734174115: PolyApiException[status_code=400, error_message={'error': 'not enough balance / allowance'}]
2026-01-28 02:55:02 WARNING ct_exec [RETRY_SELL_FAIL] token_id=52559337731113002092387087921380131184050086451707009918721703513363734174115 old_usd=9.719999999999999 new_usd=4.859999999999999: PolyApiException[status_code=400, error_message={'error': 'not enough balance / allowance'}]
2026-01-28 02:55:02 WARNING ct_exec [BACKOFF] token_id=52559337731113002092387087921380131184050086451707009918721703513363734174115 kind=sell_insufficient fail_count=1 wait=2.0s msg=PolyApiException[status_code=400, error_message={'error': 'not enough balance / allowance'}]
2026-01-28 02:55:07 INFO __main__ [SAFE] actions_empty reduce_reconcile_set size=1 recent_sec=600 lag_ms=0 actions=0 actions_unreliable=False
2026-01-28 02:55:07 INFO __main__ [RISK_SUMMARY] used_total=9.74 used_total_shadow=9.74 open_buy_orders_usd=0 shadow_buy_usd=0.0 recent_buy_usd=0.0 top_tokens=['52559337731113002092387087921380131184050086451707009918721703513363734174115=9.7400']
2026-01-28 02:55:07 INFO __main__ [ACTION] token_id=52559337731113002092387087921380131184050086451707009918721703513363734174115 -> [{'type': 'place', 'token_id': '52559337731113002092387087921380131184050086451707009918721703513363734174115', 'side': 'SELL', 'price': 0.972, 'size': 10.0, 'ts': 1769540105, '_taker': True, '_taker_spread': 0.007000000000000006, '_taker_thr': 0.011}]
2026-01-28 02:55:08 WARNING ct_exec place_order failed token_id=52559337731113002092387087921380131184050086451707009918721703513363734174115: PolyApiException[status_code=400, error_message={'error': 'not enough balance / allowance'}]
2026-01-28 02:55:08 WARNING ct_exec [RETRY_SELL_FAIL] token_id=52559337731113002092387087921380131184050086451707009918721703513363734174115 old_usd=9.719999999999999 new_usd=4.859999999999999: PolyApiException[status_code=400, error_message={'error': 'not enough balance / allowance'}]
2026-01-28 02:55:08 WARNING ct_exec [BACKOFF] token_id=52559337731113002092387087921380131184050086451707009918721703513363734174115 kind=sell_insufficient fail_count=2 wait=4.0s msg=PolyApiException[status_code=400, error_message={'error': 'not enough balance / allowance'}]
2026-01-28 02:55:13 INFO __main__ [SAFE] actions_empty reduce_reconcile_set size=1 recent_sec=600 lag_ms=0 actions=0 actions_unreliable=False
2026-01-28 02:55:13 INFO __main__ [RISK_SUMMARY] used_total=0.0 used_total_shadow=0.0 open_buy_orders_usd=0 shadow_buy_usd=0.0 recent_buy_usd=0.0 top_tokens=[]
2026-01-28 02:55:13 INFO __main__ [TOPIC] RESET token_id=52559337731113002092387087921380131184050086451707009918721703513363734174115
2026-01-28 02:55:35 INFO __main__ [SAFE] actions_empty reduce_reconcile_set size=1 recent_sec=600 lag_ms=0 actions=0 actions_unreliable=False
2026-01-28 02:55:35 INFO __main__ [RISK_SUMMARY] used_total=0.0 used_total_shadow=0.0 open_buy_orders_usd=0 shadow_buy_usd=0.0 recent_buy_usd=0.0 top_tokens=[]
2026-01-28 02:55:58 INFO __main__ [SAFE] actions_empty reduce_reconcile_set size=1 recent_sec=600 lag_ms=0 actions=0 actions_unreliable=False
2026-01-28 02:55:58 INFO __main__ [RISK_SUMMARY] used_total=0.0 used_total_shadow=0.0 open_buy_orders_usd=0 shadow_buy_usd=0.0 recent_buy_usd=0.0 top_tokens=[]
2026-01-28 02:56:21 INFO __main__ [SAFE] actions_empty reduce_reconcile_set size=1 recent_sec=600 lag_ms=0 actions=0 actions_unreliable=False
2026-01-28 02:56:21 INFO __main__ [RISK_SUMMARY] used_total=0.0 used_total_shadow=0.0 open_buy_orders_usd=0 shadow_buy_usd=0.0 recent_buy_usd=0.0 top_tokens=[]
2026-01-28 02:56:43 INFO __main__ [SAFE] actions_empty reduce_reconcile_set size=1 recent_sec=600 lag_ms=0 actions=0 actions_unreliable=False
2026-01-28 02:56:43 INFO __main__ [RISK_SUMMARY] used_total=0.0 used_total_shadow=0.0 open_buy_orders_usd=0 shadow_buy_usd=0.0 recent_buy_usd=0.0 top_tokens=[]
2026-01-28 02:56:43 WARNING __main__ [FREEZE] token_id=52559337731113002092387087921380131184050086451707009918721703513363734174115 reason=missing_streak streak=5 until=1769541102
2026-01-28 02:57:05 INFO __main__ [SAFE] actions_empty reduce_reconcile_set size=1 recent_sec=600 lag_ms=0 actions=0 actions_unreliable=False
2026-01-28 02:57:05 INFO __main__ [RISK_SUMMARY] used_total=0.0 used_total_shadow=0.0 open_buy_orders_usd=0 shadow_buy_usd=0.0 recent_buy_usd=0.0 top_tokens=[]
2026-01-28 02:57:05 INFO __main__ [SKIP] token_id=52559337731113002092387087921380131184050086451707009918721703513363734174115 reason=missing_streak_freeze until=1769541102
2026-01-28 02:57:28 INFO __main__ [SAFE] actions_empty reduce_reconcile_set size=1 recent_sec=600 lag_ms=0 actions=0 actions_unreliable=False
2026-01-28 02:57:28 INFO __main__ [RISK_SUMMARY] used_total=0.0 used_total_shadow=0.0 open_buy_orders_usd=0 shadow_buy_usd=0.0 recent_buy_usd=0.0 top_tokens=[]
2026-01-28 02:57:28 INFO __main__ [SKIP] token_id=52559337731113002092387087921380131184050086451707009918721703513363734174115 reason=missing_streak_freeze until=1769541102
2026-01-28 02:57:50 INFO __main__ [SAFE] actions_empty reduce_reconcile_set size=1 recent_sec=600 lag_ms=0 actions=0 actions_unreliable=False
2026-01-28 02:57:50 INFO __main__ [RISK_SUMMARY] used_total=0.0 used_total_shadow=0.0 open_buy_orders_usd=0 shadow_buy_usd=0.0 recent_buy_usd=0.0 top_tokens=[]
2026-01-28 02:57:50 INFO __main__ [SKIP] token_id=52559337731113002092387087921380131184050086451707009918721703513363734174115 reason=missing_streak_freeze until=1769541102
2026-01-28 02:58:13 INFO __main__ [SAFE] actions_empty reduce_reconcile_set size=1 recent_sec=600 lag_ms=0 actions=0 actions_unreliable=False
2026-01-28 02:58:13 INFO __main__ [RISK_SUMMARY] used_total=0.0 used_total_shadow=0.0 open_buy_orders_usd=0 shadow_buy_usd=0.0 recent_buy_usd=0.0 top_tokens=[]
2026-01-28 02:58:13 INFO __main__ [SKIP] token_id=52559337731113002092387087921380131184050086451707009918721703513363734174115 reason=missing_streak_freeze until=1769541102
2026-01-28 02:58:35 INFO __main__ [SAFE] actions_empty reduce_reconcile_set size=1 recent_sec=600 lag_ms=0 actions=0 actions_unreliable=False
2026-01-28 02:58:35 INFO __main__ [RISK_SUMMARY] used_total=0.0 used_total_shadow=0.0 open_buy_orders_usd=0 shadow_buy_usd=0.0 recent_buy_usd=0.0 top_tokens=[]
2026-01-28 02:58:35 INFO __main__ [SKIP] token_id=52559337731113002092387087921380131184050086451707009918721703513363734174115 reason=missing_streak_freeze until=1769541102
2026-01-28 02:58:58 INFO __main__ [SAFE] actions_empty reduce_reconcile_set size=1 recent_sec=600 lag_ms=0 actions=0 actions_unreliable=False
2026-01-28 02:58:58 INFO __main__ [RISK_SUMMARY] used_total=0.0 used_total_shadow=0.0 open_buy_orders_usd=0 shadow_buy_usd=0.0 recent_buy_usd=0.0 top_tokens=[]
2026-01-28 02:58:58 INFO __main__ [SKIP] token_id=52559337731113002092387087921380131184050086451707009918721703513363734174115 reason=missing_streak_freeze until=1769541102
2026-01-28 02:59:20 INFO __main__ [SAFE] actions_empty reduce_reconcile_set size=1 recent_sec=600 lag_ms=0 actions=0 actions_unreliable=False
2026-01-28 02:59:20 INFO __main__ [RISK_SUMMARY] used_total=0.0 used_total_shadow=0.0 open_buy_orders_usd=0 shadow_buy_usd=0.0 recent_buy_usd=0.0 top_tokens=[]
2026-01-28 02:59:20 INFO __main__ [SKIP] token_id=52559337731113002092387087921380131184050086451707009918721703513363734174115 reason=missing_streak_freeze until=1769541102
2026-01-28 02:59:43 INFO __main__ [SAFE] actions_empty reduce_reconcile_set size=1 recent_sec=600 lag_ms=0 actions=0 actions_unreliable=False
2026-01-28 02:59:43 INFO __main__ [RISK_SUMMARY] used_total=0.0 used_total_shadow=0.0 open_buy_orders_usd=0 shadow_buy_usd=0.0 recent_buy_usd=0.0 top_tokens=[]
2026-01-28 02:59:43 INFO __main__ [SKIP] token_id=52559337731113002092387087921380131184050086451707009918721703513363734174115 reason=missing_streak_freeze until=1769541102
2026-01-28 03:00:05 INFO __main__ [SAFE] actions_empty reduce_reconcile_set size=1 recent_sec=600 lag_ms=0 actions=0 actions_unreliable=False
2026-01-28 03:00:05 INFO __main__ [RISK_SUMMARY] used_total=0.0 used_total_shadow=0.0 open_buy_orders_usd=0 shadow_buy_usd=0.0 recent_buy_usd=0.0 top_tokens=[]
2026-01-28 03:00:05 INFO __main__ [SKIP] token_id=52559337731113002092387087921380131184050086451707009918721703513363734174115 reason=missing_streak_freeze until=1769541102
2026-01-28 03:00:28 INFO __main__ [SAFE] actions_empty reduce_reconcile_set size=1 recent_sec=600 lag_ms=0 actions=0 actions_unreliable=False
2026-01-28 03:00:28 INFO __main__ [RISK_SUMMARY] used_total=0.0 used_total_shadow=0.0 open_buy_orders_usd=0 shadow_buy_usd=0.0 recent_buy_usd=0.0 top_tokens=[]
2026-01-28 03:00:28 INFO __main__ [SKIP] token_id=52559337731113002092387087921380131184050086451707009918721703513363734174115 reason=missing_streak_freeze until=1769541102
2026-01-28 03:00:50 INFO __main__ [SAFE] actions_empty reduce_reconcile_set size=1 recent_sec=600 lag_ms=0 actions=0 actions_unreliable=False
2026-01-28 03:00:50 INFO __main__ [RISK_SUMMARY] used_total=0.0 used_total_shadow=0.0 open_buy_orders_usd=0 shadow_buy_usd=0.0 recent_buy_usd=0.0 top_tokens=[]
2026-01-28 03:00:50 INFO __main__ [SKIP] token_id=52559337731113002092387087921380131184050086451707009918721703513363734174115 reason=missing_streak_freeze until=1769541102
2026-01-28 03:01:12 INFO __main__ [SAFE] actions_empty reduce_reconcile_set size=1 recent_sec=600 lag_ms=0 actions=0 actions_unreliable=False
2026-01-28 03:01:12 INFO __main__ [RISK_SUMMARY] used_total=0.0 used_total_shadow=0.0 open_buy_orders_usd=0 shadow_buy_usd=0.0 recent_buy_usd=0.0 top_tokens=[]
2026-01-28 03:01:12 INFO __main__ [SKIP] token_id=52559337731113002092387087921380131184050086451707009918721703513363734174115 reason=missing_streak_freeze until=1769541102
2026-01-28 03:01:34 INFO __main__ [SAFE] actions_empty reduce_reconcile_set size=1 recent_sec=600 lag_ms=0 actions=0 actions_unreliable=False
2026-01-28 03:01:34 INFO __main__ [RISK_SUMMARY] used_total=0.0 used_total_shadow=0.0 open_buy_orders_usd=0 shadow_buy_usd=0.0 recent_buy_usd=0.0 top_tokens=[]
2026-01-28 03:01:34 INFO __main__ [SKIP] token_id=52559337731113002092387087921380131184050086451707009918721703513363734174115 reason=missing_streak_freeze until=1769541102
2026-01-28 03:01:54 INFO __main__ [CFG] reloaded (interval)
2026-01-28 03:01:57 INFO __main__ [SAFE] actions_empty reduce_reconcile_set size=1 recent_sec=600 lag_ms=0 actions=0 actions_unreliable=False
2026-01-28 03:01:57 INFO __main__ [RISK_SUMMARY] used_total=0.0 used_total_shadow=0.0 open_buy_orders_usd=0 shadow_buy_usd=0.0 recent_buy_usd=0.0 top_tokens=[]
2026-01-28 03:01:57 INFO __main__ [SKIP] token_id=52559337731113002092387087921380131184050086451707009918721703513363734174115 reason=missing_streak_freeze until=1769541102
2026-01-28 03:02:20 INFO __main__ [SAFE] actions_empty reduce_reconcile_set size=1 recent_sec=600 lag_ms=0 actions=0 actions_unreliable=False
2026-01-28 03:02:20 INFO __main__ [RISK_SUMMARY] used_total=0.0 used_total_shadow=0.0 open_buy_orders_usd=0 shadow_buy_usd=0.0 recent_buy_usd=0.0 top_tokens=[]
2026-01-28 03:02:20 INFO __main__ [SKIP] token_id=52559337731113002092387087921380131184050086451707009918721703513363734174115 reason=missing_streak_freeze until=1769541102
2026-01-28 03:02:42 INFO __main__ [SAFE] actions_empty reduce_reconcile_set size=1 recent_sec=600 lag_ms=0 actions=0 actions_unreliable=False
2026-01-28 03:02:42 INFO __main__ [RISK_SUMMARY] used_total=0.0 used_total_shadow=0.0 open_buy_orders_usd=0 shadow_buy_usd=0.0 recent_buy_usd=0.0 top_tokens=[]
2026-01-28 03:02:42 INFO __main__ [SKIP] token_id=52559337731113002092387087921380131184050086451707009918721703513363734174115 reason=missing_streak_freeze until=1769541102
2026-01-28 03:03:05 INFO __main__ [SAFE] actions_empty reduce_reconcile_set size=1 recent_sec=600 lag_ms=0 actions=0 actions_unreliable=False
2026-01-28 03:03:05 INFO __main__ [RISK_SUMMARY] used_total=0.0 used_total_shadow=0.0 open_buy_orders_usd=0 shadow_buy_usd=0.0 recent_buy_usd=0.0 top_tokens=[]
2026-01-28 03:03:05 INFO __main__ [SKIP] token_id=52559337731113002092387087921380131184050086451707009918721703513363734174115 reason=missing_streak_freeze until=1769541102
2026-01-28 03:03:28 INFO __main__ [SAFE] actions_empty reduce_reconcile_set size=1 recent_sec=600 lag_ms=0 actions=0 actions_unreliable=False
2026-01-28 03:03:28 INFO __main__ [RISK_SUMMARY] used_total=0.0 used_total_shadow=0.0 open_buy_orders_usd=0 shadow_buy_usd=0.0 recent_buy_usd=0.0 top_tokens=[]
2026-01-28 03:03:28 INFO __main__ [SKIP] token_id=52559337731113002092387087921380131184050086451707009918721703513363734174115 reason=missing_streak_freeze until=1769541102
2026-01-28 03:03:50 INFO __main__ [SAFE] actions_empty reduce_reconcile_set size=1 recent_sec=600 lag_ms=0 actions=0 actions_unreliable=False
2026-01-28 03:03:50 INFO __main__ [RISK_SUMMARY] used_total=0.0 used_total_shadow=0.0 open_buy_orders_usd=0 shadow_buy_usd=0.0 recent_buy_usd=0.0 top_tokens=[]
2026-01-28 03:03:50 INFO __main__ [SKIP] token_id=52559337731113002092387087921380131184050086451707009918721703513363734174115 reason=missing_streak_freeze until=1769541102
2026-01-28 03:04:12 INFO __main__ [SAFE] actions_empty reduce_reconcile_set size=1 recent_sec=600 lag_ms=0 actions=0 actions_unreliable=False
2026-01-28 03:04:12 INFO __main__ [RISK_SUMMARY] used_total=0.0 used_total_shadow=0.0 open_buy_orders_usd=0 shadow_buy_usd=0.0 recent_buy_usd=0.0 top_tokens=[]
2026-01-28 03:04:12 INFO __main__ [SKIP] token_id=52559337731113002092387087921380131184050086451707009918721703513363734174115 reason=missing_streak_freeze until=1769541102
2026-01-28 03:04:35 INFO __main__ [SAFE] actions_empty reduce_reconcile_set size=1 recent_sec=600 lag_ms=0 actions=0 actions_unreliable=False
2026-01-28 03:04:35 INFO __main__ [RISK_SUMMARY] used_total=0.0 used_total_shadow=0.0 open_buy_orders_usd=0 shadow_buy_usd=0.0 recent_buy_usd=0.0 top_tokens=[]
2026-01-28 03:04:35 INFO __main__ [SKIP] token_id=52559337731113002092387087921380131184050086451707009918721703513363734174115 reason=missing_streak_freeze until=1769541102
2026-01-28 03:04:58 INFO __main__ [POS] target_count=0 my_count=0 target_incomplete=False my_incomplete=False | t_src=http_positions t_cb=1769540697 t_rsec=25 t_mode=sec t_http=200 t_hit=None
2026-01-28 03:04:58 INFO __main__ [POS] target cache_headers_first={'CF-Cache-Status': 'MISS', 'Cache-Control': 'public, max-age=2', 'Last-Modified': 'Tue, 27 Jan 2026 19:04:57 GMT', 'Date': 'Tue, 27 Jan 2026 19:04:58 GMT', 'Server': 'cloudflare'}
2026-01-28 03:04:58 INFO __main__ [POS] target cache_headers_last={'CF-Cache-Status': 'MISS', 'Cache-Control': 'public, max-age=2', 'Last-Modified': 'Tue, 27 Jan 2026 19:04:57 GMT', 'Date': 'Tue, 27 Jan 2026 19:04:58 GMT', 'Server': 'cloudflare'}
2026-01-28 03:04:58 INFO __main__ [SAFE] actions_empty reduce_reconcile_set size=1 recent_sec=600 lag_ms=0 actions=0 actions_unreliable=False
2026-01-28 03:04:58 INFO __main__ [RISK_SUMMARY] used_total=0.0 used_total_shadow=0.0 open_buy_orders_usd=0 shadow_buy_usd=0.0 recent_buy_usd=0.0 top_tokens=[]
2026-01-28 03:04:58 INFO __main__ [SKIP] token_id=52559337731113002092387087921380131184050086451707009918721703513363734174115 reason=missing_streak_freeze until=1769541102
2026-01-28 03:05:21 INFO __main__ [SAFE] actions_empty reduce_reconcile_set size=0 recent_sec=600 lag_ms=0 actions=0 actions_unreliable=False
2026-01-28 03:05:21 INFO __main__ [RISK_SUMMARY] used_total=0.0 used_total_shadow=0.0 open_buy_orders_usd=0 shadow_buy_usd=0.0 recent_buy_usd=0.0 top_tokens=[]
2026-01-28 03:05:44 INFO __main__ [SAFE] actions_empty reduce_reconcile_set size=0 recent_sec=600 lag_ms=0 actions=0 actions_unreliable=False
2026-01-28 03:05:44 INFO __main__ [RISK_SUMMARY] used_total=0.0 used_total_shadow=0.0 open_buy_orders_usd=0 shadow_buy_usd=0.0 recent_buy_usd=0.0 top_tokens=[]
2026-01-28 03:06:07 INFO __main__ [SAFE] actions_empty reduce_reconcile_set size=0 recent_sec=600 lag_ms=0 actions=0 actions_unreliable=False
2026-01-28 03:06:07 INFO __main__ [RISK_SUMMARY] used_total=0.0 used_total_shadow=0.0 open_buy_orders_usd=0 shadow_buy_usd=0.0 recent_buy_usd=0.0 top_tokens=[]
2026-01-28 03:06:29 INFO __main__ [SAFE] actions_empty reduce_reconcile_set size=0 recent_sec=600 lag_ms=0 actions=0 actions_unreliable=False
2026-01-28 03:06:29 INFO __main__ [RISK_SUMMARY] used_total=0.0 used_total_shadow=0.0 open_buy_orders_usd=0 shadow_buy_usd=0.0 recent_buy_usd=0.0 top_tokens=[]
2026-01-28 03:06:52 INFO __main__ [SAFE] actions_empty reduce_reconcile_set size=0 recent_sec=600 lag_ms=0 actions=0 actions_unreliable=False
2026-01-28 03:06:52 INFO __main__ [RISK_SUMMARY] used_total=0.0 used_total_shadow=0.0 open_buy_orders_usd=0 shadow_buy_usd=0.0 recent_buy_usd=0.0 top_tokens=[]
2026-01-28 03:07:14 INFO __main__ [SAFE] actions_empty reduce_reconcile_set size=0 recent_sec=600 lag_ms=0 actions=0 actions_unreliable=False
2026-01-28 03:07:14 INFO __main__ [RISK_SUMMARY] used_total=0.0 used_total_shadow=0.0 open_buy_orders_usd=0 shadow_buy_usd=0.0 recent_buy_usd=0.0 top_tokens=[]
2026-01-28 03:07:36 INFO __main__ [SAFE] actions_empty reduce_reconcile_set size=0 recent_sec=600 lag_ms=0 actions=0 actions_unreliable=False
2026-01-28 03:07:36 INFO __main__ [RISK_SUMMARY] used_total=0.0 used_total_shadow=0.0 open_buy_orders_usd=0 shadow_buy_usd=0.0 recent_buy_usd=0.0 top_tokens=[]
2026-01-28 03:07:59 INFO __main__ [SAFE] actions_empty reduce_reconcile_set size=0 recent_sec=600 lag_ms=0 actions=0 actions_unreliable=False
2026-01-28 03:07:59 INFO __main__ [RISK_SUMMARY] used_total=0.0 used_total_shadow=0.0 open_buy_orders_usd=0 shadow_buy_usd=0.0 recent_buy_usd=0.0 top_tokens=[]
2026-01-28 03:08:21 INFO __main__ [SAFE] actions_empty reduce_reconcile_set size=0 recent_sec=600 lag_ms=0 actions=0 actions_unreliable=False
2026-01-28 03:08:21 INFO __main__ [RISK_SUMMARY] used_total=0.0 used_total_shadow=0.0 open_buy_orders_usd=0 shadow_buy_usd=0.0 recent_buy_usd=0.0 top_tokens=[]
2026-01-28 03:08:43 INFO __main__ [SAFE] actions_empty reduce_reconcile_set size=0 recent_sec=600 lag_ms=0 actions=0 actions_unreliable=False
2026-01-28 03:08:43 INFO __main__ [RISK_SUMMARY] used_total=0.0 used_total_shadow=0.0 open_buy_orders_usd=0 shadow_buy_usd=0.0 recent_buy_usd=0.0 top_tokens=[]
2026-01-28 03:09:05 INFO __main__ [SAFE] actions_empty reduce_reconcile_set size=0 recent_sec=600 lag_ms=0 actions=0 actions_unreliable=False
2026-01-28 03:09:05 INFO __main__ [RISK_SUMMARY] used_total=0.0 used_total_shadow=0.0 open_buy_orders_usd=0 shadow_buy_usd=0.0 recent_buy_usd=0.0 top_tokens=[]
2026-01-28 03:09:27 INFO __main__ [SAFE] actions_empty reduce_reconcile_set size=0 recent_sec=600 lag_ms=0 actions=0 actions_unreliable=False
2026-01-28 03:09:27 INFO __main__ [RISK_SUMMARY] used_total=0.0 used_total_shadow=0.0 open_buy_orders_usd=0 shadow_buy_usd=0.0 recent_buy_usd=0.0 top_tokens=[]
2026-01-28 03:09:51 INFO __main__ [SAFE] actions_empty reduce_reconcile_set size=0 recent_sec=600 lag_ms=0 actions=0 actions_unreliable=False
2026-01-28 03:09:51 INFO __main__ [RISK_SUMMARY] used_total=0.0 used_total_shadow=0.0 open_buy_orders_usd=0 shadow_buy_usd=0.0 recent_buy_usd=0.0 top_tokens=[]
